../Core/Src/main.c:112:5:main	48	static
../Core/Src/main.c:182:6:SystemClock_Config	96	static
../Core/Src/main.c:242:6:PeriphCommonClock_Config	160	static
../Core/Src/main.c:273:13:MX_ADC1_Init	32	static
../Core/Src/main.c:331:13:MX_CAN1_Init	8	static
../Core/Src/main.c:368:13:MX_COMP1_Init	8	static
../Core/Src/main.c:402:13:MX_I2C1_Init	8	static
../Core/Src/main.c:450:13:MX_I2C2_SMBUS_Init	8	static
../Core/Src/main.c:495:13:MX_LPUART1_UART_Init	8	static
../Core/Src/main.c:543:13:MX_USART2_UART_Init	8	static
../Core/Src/main.c:591:13:MX_USART3_UART_Init	8	static
../Core/Src/main.c:639:13:MX_SAI1_Init	8	static
../Core/Src/main.c:707:13:MX_SAI2_Init	8	static
../Core/Src/main.c:760:13:MX_SDMMC1_SD_Init	8	static
../Core/Src/main.c:792:13:MX_SPI1_Init	8	static
../Core/Src/main.c:832:13:MX_SPI3_Init	8	static
../Core/Src/main.c:872:13:MX_TIM1_Init	104	static
../Core/Src/main.c:962:13:MX_TIM2_Init	48	static
../Core/Src/main.c:1015:13:MX_TIM3_Init	48	static
../Core/Src/main.c:1068:13:MX_TIM4_Init	48	static
../Core/Src/main.c:1121:13:MX_TIM15_Init	96	static
../Core/Src/main.c:1186:13:MX_USB_OTG_FS_USB_Init	4	static
../Core/Src/main.c:1207:13:MX_GPIO_Init	64	static
../Core/Src/main.c:1262:6:Error_Handler	4	static,ignoring_inline_asm
